// Jest Snapshot v1, https://jestjs.io/docs/snapshot-testing

exports[`Snapshot 1`] = `
{
  "Mappings": {
    "ParamsandsecretslayerMap": {
      "af-south-1": {
        "1x0x103xarm64": "arn:aws:lambda:af-south-1:317013901791:layer:AWS-Parameters-and-Secrets-Lambda-Extension-Arm64:1",
      },
      "ap-east-1": {
        "1x0x103xarm64": "arn:aws:lambda:ap-east-1:768336418462:layer:AWS-Parameters-and-Secrets-Lambda-Extension-Arm64:1",
      },
      "ap-northeast-1": {
        "1x0x103xarm64": "arn:aws:lambda:ap-northeast-1:133490724326:layer:AWS-Parameters-and-Secrets-Lambda-Extension-Arm64:4",
      },
      "ap-northeast-2": {
        "1x0x103xarm64": "arn:aws:lambda:ap-northeast-2:738900069198:layer:AWS-Parameters-and-Secrets-Lambda-Extension-Arm64:1",
      },
      "ap-south-1": {
        "1x0x103xarm64": "arn:aws:lambda:ap-south-1:176022468876:layer:AWS-Parameters-and-Secrets-Lambda-Extension-Arm64:4",
      },
      "ap-southeast-1": {
        "1x0x103xarm64": "arn:aws:lambda:ap-southeast-1:044395824272:layer:AWS-Parameters-and-Secrets-Lambda-Extension-Arm64:4",
      },
      "ap-southeast-2": {
        "1x0x103xarm64": "arn:aws:lambda:ap-southeast-2:665172237481:layer:AWS-Parameters-and-Secrets-Lambda-Extension-Arm64:4",
      },
      "ap-southeast-3": {
        "1x0x103xarm64": "arn:aws:lambda:ap-southeast-3:490737872127:layer:AWS-Parameters-and-Secrets-Lambda-Extension-Arm64:1",
      },
      "ca-central-1": {
        "1x0x103xarm64": "arn:aws:lambda:ca-central-1:200266452380:layer:AWS-Parameters-and-Secrets-Lambda-Extension-Arm64:1",
      },
      "eu-central-1": {
        "1x0x103xarm64": "arn:aws:lambda:eu-central-1:187925254637:layer:AWS-Parameters-and-Secrets-Lambda-Extension-Arm64:4",
      },
      "eu-north-1": {
        "1x0x103xarm64": "arn:aws:lambda:eu-north-1:427196147048:layer:AWS-Parameters-and-Secrets-Lambda-Extension-Arm64:1",
      },
      "eu-south-1": {
        "1x0x103xarm64": "arn:aws:lambda:eu-south-1:325218067255:layer:AWS-Parameters-and-Secrets-Lambda-Extension-Arm64:1",
      },
      "eu-west-1": {
        "1x0x103xarm64": "arn:aws:lambda:eu-west-1:015030872274:layer:AWS-Parameters-and-Secrets-Lambda-Extension-Arm64:4",
      },
      "eu-west-2": {
        "1x0x103xarm64": "arn:aws:lambda:eu-west-2:133256977650:layer:AWS-Parameters-and-Secrets-Lambda-Extension-Arm64:4",
      },
      "eu-west-3": {
        "1x0x103xarm64": "arn:aws:lambda:eu-west-3:780235371811:layer:AWS-Parameters-and-Secrets-Lambda-Extension-Arm64:1",
      },
      "me-south-1": {
        "1x0x103xarm64": "arn:aws:lambda:me-south-1:832021897121:layer:AWS-Parameters-and-Secrets-Lambda-Extension-Arm64:1",
      },
      "sa-east-1": {
        "1x0x103xarm64": "arn:aws:lambda:sa-east-1:933737806257:layer:AWS-Parameters-and-Secrets-Lambda-Extension-Arm64:1",
      },
      "us-east-1": {
        "1x0x103xarm64": "arn:aws:lambda:us-east-1:177933569100:layer:AWS-Parameters-and-Secrets-Lambda-Extension-Arm64:21",
      },
      "us-east-2": {
        "1x0x103xarm64": "arn:aws:lambda:us-east-2:590474943231:layer:AWS-Parameters-and-Secrets-Lambda-Extension-Arm64:25",
      },
      "us-west-1": {
        "1x0x103xarm64": "arn:aws:lambda:us-west-1:997803712105:layer:AWS-Parameters-and-Secrets-Lambda-Extension-Arm64:18",
      },
      "us-west-2": {
        "1x0x103xarm64": "arn:aws:lambda:us-west-2:345057560386:layer:AWS-Parameters-and-Secrets-Lambda-Extension-Arm64:21",
      },
    },
  },
  "Parameters": {
    "BootstrapVersion": {
      "Default": "/cdk-bootstrap/hnb659fds/version",
      "Description": "Version of the CDK Bootstrap resources in this environment, automatically retrieved from SSM Parameter Store. [cdk:skip]",
      "Type": "AWS::SSM::Parameter::Value<String>",
    },
  },
  "Resources": {
    "ClientConfigTableE705763C": {
      "DeletionPolicy": "RetainExceptOnCreate",
      "Properties": {
        "AttributeDefinitions": [
          {
            "AttributeName": "clientId",
            "AttributeType": "S",
          },
        ],
        "BillingMode": "PAY_PER_REQUEST",
        "KeySchema": [
          {
            "AttributeName": "clientId",
            "KeyType": "HASH",
          },
        ],
        "Replicas": [
          {
            "ContributorInsightsSpecification": {
              "Enabled": false,
            },
            "DeletionProtectionEnabled": true,
            "PointInTimeRecoverySpecification": {
              "PointInTimeRecoveryEnabled": true,
            },
            "Region": {
              "Ref": "AWS::Region",
            },
          },
        ],
      },
      "Type": "AWS::DynamoDB::GlobalTable",
      "UpdateReplacePolicy": "Retain",
    },
    "DynamoSmokeTest3E5D9377": {
      "DependsOn": [
        "DynamoSmokeTestServiceRoleDefaultPolicy566D35C3",
        "DynamoSmokeTestServiceRole5ACEED25",
      ],
      "Properties": {
        "Architectures": [
          "arm64",
        ],
        "Code": {
          "S3Bucket": {
            "Fn::Sub": "cdk-hnb659fds-assets-\${AWS::AccountId}-\${AWS::Region}",
          },
          "S3Key": "ded428e5354c80805b4a825847cde81841d5f188f88cbcf10259c6037af1415e.zip",
        },
        "Environment": {
          "Variables": {
            "AWS_CRT_NODEJS_BINARY_RELATIVE_PATH": "bin/linux-arm64-glibc/aws-crt-nodejs.node",
            "CLIENT_CONFIG_TABLE_NAME": {
              "Ref": "ClientConfigTableE705763C",
            },
            "ENVIRONMENT": "test",
            "EVENTBUS_ARN": {
              "Fn::Join": [
                "",
                [
                  "arn:",
                  {
                    "Ref": "AWS::Partition",
                  },
                  ":events:",
                  {
                    "Ref": "AWS::Region",
                  },
                  ":",
                  {
                    "Ref": "AWS::AccountId",
                  },
                  ":event-bus/bifrost",
                ],
              ],
            },
            "LOG_LEVEL": "info",
            "NEW_RELIC_ACCOUNT_ID": "3433923",
            "NEW_RELIC_EXTENSION_LOG_LEVEL": "INFO",
            "NEW_RELIC_EXTENSION_SEND_EXTENSION_LOGS": "false",
            "NEW_RELIC_EXTENSION_SEND_FUNCTION_LOGS": "true",
            "NEW_RELIC_LAMBDA_HANDLER": "index.handler",
            "NODE_ENV": "production",
            "NR_TAGS": {
              "Fn::Join": [
                "",
                [
                  "service:test-service;region:",
                  {
                    "Ref": "AWS::Region",
                  },
                  ";environment:test;team:growth",
                ],
              ],
            },
            "PARAMETERS_SECRETS_EXTENSION_CACHE_ENABLED": "true",
            "PARAMETERS_SECRETS_EXTENSION_CACHE_SIZE": "1000",
            "PARAMETERS_SECRETS_EXTENSION_HTTP_PORT": "2773",
            "PARAMETERS_SECRETS_EXTENSION_LOG_LEVEL": "warn",
            "PARAMETERS_SECRETS_EXTENSION_MAX_CONNECTIONS": "3",
            "SECRETS_MANAGER_TIMEOUT_MILLIS": "0",
            "SECRETS_MANAGER_TTL": "300",
            "SERVICE_NAME": "test-service",
            "SSM_PARAMETER_STORE_TIMEOUT_MILLIS": "0",
            "SSM_PARAMETER_STORE_TTL": "300",
            "STACK_NAME": "test",
            "TRACKER_SUBSCRIPTION_TABLE_NAME": {
              "Ref": "TrackerSubscriptionTable408C8229",
            },
            "TRANSFORM_DELIVERY_ATTEMPT_TABLE_NAME": {
              "Ref": "TransformDeliveryAttemptTable4673E1C9",
            },
          },
        },
        "Handler": "newrelic-lambda-wrapper.handler",
        "Layers": [
          {
            "Fn::FindInMap": [
              "ParamsandsecretslayerMap",
              {
                "Ref": "AWS::Region",
              },
              "1x0x103xarm64",
            ],
          },
          {
            "Fn::Join": [
              "",
              [
                "arn:aws:lambda:",
                {
                  "Ref": "AWS::Region",
                },
                ":451483290750:layer:NewRelicNodeJS20XARM64:96",
              ],
            ],
          },
        ],
        "LoggingConfig": {
          "ApplicationLogLevel": "INFO",
          "LogFormat": "JSON",
          "LogGroup": {
            "Ref": "DynamoSmokeTestlogsC71B6884",
          },
        },
        "MemorySize": 1048,
        "Role": {
          "Fn::GetAtt": [
            "DynamoSmokeTestServiceRole5ACEED25",
            "Arn",
          ],
        },
        "Runtime": "nodejs20.x",
        "Timeout": 30,
        "TracingConfig": {
          "Mode": "Active",
        },
      },
      "Type": "AWS::Lambda::Function",
    },
    "DynamoSmokeTestServiceRole5ACEED25": {
      "Properties": {
        "AssumeRolePolicyDocument": {
          "Statement": [
            {
              "Action": "sts:AssumeRole",
              "Effect": "Allow",
              "Principal": {
                "Service": "lambda.amazonaws.com",
              },
            },
          ],
          "Version": "2012-10-17",
        },
        "ManagedPolicyArns": [
          {
            "Fn::Join": [
              "",
              [
                "arn:",
                {
                  "Ref": "AWS::Partition",
                },
                ":iam::aws:policy/service-role/AWSLambdaBasicExecutionRole",
              ],
            ],
          },
        ],
      },
      "Type": "AWS::IAM::Role",
    },
    "DynamoSmokeTestServiceRoleDefaultPolicy566D35C3": {
      "Properties": {
        "PolicyDocument": {
          "Statement": [
            {
              "Action": [
                "xray:PutTraceSegments",
                "xray:PutTelemetryRecords",
              ],
              "Effect": "Allow",
              "Resource": "*",
            },
            {
              "Action": [
                "secretsmanager:GetSecretValue",
                "secretsmanager:DescribeSecret",
              ],
              "Effect": "Allow",
              "Resource": {
                "Fn::ImportValue": "NewRelicLicenseKeySecret-NewRelic-LicenseKeySecretARN",
              },
            },
            {
              "Action": [
                "secretsmanager:GetSecretValue",
                "secretsmanager:DescribeSecret",
              ],
              "Effect": "Allow",
              "Resource": {
                "Fn::Join": [
                  "",
                  [
                    "arn:",
                    {
                      "Ref": "AWS::Partition",
                    },
                    ":secretsmanager:",
                    {
                      "Ref": "AWS::Region",
                    },
                    ":",
                    {
                      "Ref": "AWS::AccountId",
                    },
                    ":secret:/shared/statsig-??????",
                  ],
                ],
              },
            },
            {
              "Action": [
                "dynamodb:BatchGetItem",
                "dynamodb:Query",
                "dynamodb:GetItem",
                "dynamodb:Scan",
                "dynamodb:ConditionCheckItem",
                "dynamodb:BatchWriteItem",
                "dynamodb:PutItem",
                "dynamodb:UpdateItem",
                "dynamodb:DeleteItem",
                "dynamodb:DescribeTable",
              ],
              "Effect": "Allow",
              "Resource": {
                "Fn::GetAtt": [
                  "ClientConfigTableE705763C",
                  "Arn",
                ],
              },
            },
            {
              "Action": [
                "dynamodb:GetRecords",
                "dynamodb:GetShardIterator",
              ],
              "Effect": "Allow",
              "Resource": {
                "Fn::GetAtt": [
                  "ClientConfigTableE705763C",
                  "Arn",
                ],
              },
            },
            {
              "Action": [
                "dynamodb:BatchGetItem",
                "dynamodb:Query",
                "dynamodb:GetItem",
                "dynamodb:Scan",
                "dynamodb:ConditionCheckItem",
                "dynamodb:BatchWriteItem",
                "dynamodb:PutItem",
                "dynamodb:UpdateItem",
                "dynamodb:DeleteItem",
                "dynamodb:DescribeTable",
              ],
              "Effect": "Allow",
              "Resource": [
                {
                  "Fn::GetAtt": [
                    "TrackerSubscriptionTable408C8229",
                    "Arn",
                  ],
                },
                {
                  "Fn::Join": [
                    "",
                    [
                      {
                        "Fn::GetAtt": [
                          "TrackerSubscriptionTable408C8229",
                          "Arn",
                        ],
                      },
                      "/index/*",
                    ],
                  ],
                },
              ],
            },
            {
              "Action": [
                "dynamodb:GetRecords",
                "dynamodb:GetShardIterator",
              ],
              "Effect": "Allow",
              "Resource": [
                {
                  "Fn::GetAtt": [
                    "TrackerSubscriptionTable408C8229",
                    "Arn",
                  ],
                },
                {
                  "Fn::Join": [
                    "",
                    [
                      {
                        "Fn::GetAtt": [
                          "TrackerSubscriptionTable408C8229",
                          "Arn",
                        ],
                      },
                      "/index/*",
                    ],
                  ],
                },
              ],
            },
            {
              "Action": [
                "dynamodb:BatchGetItem",
                "dynamodb:Query",
                "dynamodb:GetItem",
                "dynamodb:Scan",
                "dynamodb:ConditionCheckItem",
                "dynamodb:BatchWriteItem",
                "dynamodb:PutItem",
                "dynamodb:UpdateItem",
                "dynamodb:DeleteItem",
                "dynamodb:DescribeTable",
              ],
              "Effect": "Allow",
              "Resource": {
                "Fn::GetAtt": [
                  "TransformDeliveryAttemptTable4673E1C9",
                  "Arn",
                ],
              },
            },
            {
              "Action": [
                "dynamodb:GetRecords",
                "dynamodb:GetShardIterator",
              ],
              "Effect": "Allow",
              "Resource": {
                "Fn::GetAtt": [
                  "TransformDeliveryAttemptTable4673E1C9",
                  "Arn",
                ],
              },
            },
          ],
          "Version": "2012-10-17",
        },
        "PolicyName": "DynamoSmokeTestServiceRoleDefaultPolicy566D35C3",
        "Roles": [
          {
            "Ref": "DynamoSmokeTestServiceRole5ACEED25",
          },
        ],
      },
      "Type": "AWS::IAM::Policy",
    },
    "DynamoSmokeTestlogsC71B6884": {
      "DeletionPolicy": "Retain",
      "Properties": {
        "LogGroupClass": "INFREQUENT_ACCESS",
        "RetentionInDays": 30,
        "Tags": [
          {
            "Key": "SkipNewRelic",
            "Value": "true",
          },
        ],
      },
      "Type": "AWS::Logs::LogGroup",
      "UpdateReplacePolicy": "Retain",
    },
    "LugusSmoke827D9A7E": {
      "DependsOn": [
        "LugusSmokeServiceRoleDefaultPolicyA4DE00C1",
        "LugusSmokeServiceRole81BD16B1",
      ],
      "Properties": {
        "Architectures": [
          "arm64",
        ],
        "Code": {
          "S3Bucket": {
            "Fn::Sub": "cdk-hnb659fds-assets-\${AWS::AccountId}-\${AWS::Region}",
          },
          "S3Key": "a00e8dd45be01f79b42cb1820d9d9b1246eb4e7d35c858f97a8507baae800b8b.zip",
        },
        "Environment": {
          "Variables": {
            "AWS_CRT_NODEJS_BINARY_RELATIVE_PATH": "bin/linux-arm64-glibc/aws-crt-nodejs.node",
            "ENVIRONMENT": "test",
            "EVENTBUS_ARN": {
              "Fn::Join": [
                "",
                [
                  "arn:",
                  {
                    "Ref": "AWS::Partition",
                  },
                  ":events:",
                  {
                    "Ref": "AWS::Region",
                  },
                  ":",
                  {
                    "Ref": "AWS::AccountId",
                  },
                  ":event-bus/bifrost",
                ],
              ],
            },
            "LOG_LEVEL": "info",
            "MERGED_API_URL": "https://graph.dev.shipveho.com/graphql",
            "NEW_RELIC_ACCOUNT_ID": "3433923",
            "NEW_RELIC_EXTENSION_LOG_LEVEL": "INFO",
            "NEW_RELIC_EXTENSION_SEND_EXTENSION_LOGS": "false",
            "NEW_RELIC_EXTENSION_SEND_FUNCTION_LOGS": "true",
            "NEW_RELIC_LAMBDA_HANDLER": "index.handler",
            "NODE_ENV": "production",
            "NR_TAGS": {
              "Fn::Join": [
                "",
                [
                  "service:test-service;region:",
                  {
                    "Ref": "AWS::Region",
                  },
                  ";environment:test;team:growth",
                ],
              ],
            },
            "PARAMETERS_SECRETS_EXTENSION_CACHE_ENABLED": "true",
            "PARAMETERS_SECRETS_EXTENSION_CACHE_SIZE": "1000",
            "PARAMETERS_SECRETS_EXTENSION_HTTP_PORT": "2773",
            "PARAMETERS_SECRETS_EXTENSION_LOG_LEVEL": "warn",
            "PARAMETERS_SECRETS_EXTENSION_MAX_CONNECTIONS": "3",
            "SECRETS_MANAGER_TIMEOUT_MILLIS": "0",
            "SECRETS_MANAGER_TTL": "300",
            "SERVICE_NAME": "test-service",
            "SSM_PARAMETER_STORE_TIMEOUT_MILLIS": "0",
            "SSM_PARAMETER_STORE_TTL": "300",
            "STACK_NAME": "test",
          },
        },
        "Handler": "newrelic-lambda-wrapper.handler",
        "Layers": [
          {
            "Fn::FindInMap": [
              "ParamsandsecretslayerMap",
              {
                "Ref": "AWS::Region",
              },
              "1x0x103xarm64",
            ],
          },
          {
            "Fn::Join": [
              "",
              [
                "arn:aws:lambda:",
                {
                  "Ref": "AWS::Region",
                },
                ":451483290750:layer:NewRelicNodeJS20XARM64:96",
              ],
            ],
          },
        ],
        "LoggingConfig": {
          "ApplicationLogLevel": "INFO",
          "LogFormat": "JSON",
          "LogGroup": {
            "Ref": "LugusSmokelogs6304DE87",
          },
        },
        "MemorySize": 1048,
        "Role": {
          "Fn::GetAtt": [
            "LugusSmokeServiceRole81BD16B1",
            "Arn",
          ],
        },
        "Runtime": "nodejs20.x",
        "Timeout": 30,
        "TracingConfig": {
          "Mode": "Active",
        },
      },
      "Type": "AWS::Lambda::Function",
    },
    "LugusSmokeServiceRole81BD16B1": {
      "Properties": {
        "AssumeRolePolicyDocument": {
          "Statement": [
            {
              "Action": "sts:AssumeRole",
              "Effect": "Allow",
              "Principal": {
                "Service": "lambda.amazonaws.com",
              },
            },
          ],
          "Version": "2012-10-17",
        },
        "ManagedPolicyArns": [
          {
            "Fn::Join": [
              "",
              [
                "arn:",
                {
                  "Ref": "AWS::Partition",
                },
                ":iam::aws:policy/service-role/AWSLambdaBasicExecutionRole",
              ],
            ],
          },
          {
            "Fn::Join": [
              "",
              [
                "arn:",
                {
                  "Ref": "AWS::Partition",
                },
                ":iam::",
                {
                  "Ref": "AWS::AccountId",
                },
                ":policy/merged-api-ReadApiPolicy",
              ],
            ],
          },
        ],
      },
      "Type": "AWS::IAM::Role",
    },
    "LugusSmokeServiceRoleDefaultPolicyA4DE00C1": {
      "Properties": {
        "PolicyDocument": {
          "Statement": [
            {
              "Action": [
                "xray:PutTraceSegments",
                "xray:PutTelemetryRecords",
              ],
              "Effect": "Allow",
              "Resource": "*",
            },
            {
              "Action": [
                "secretsmanager:GetSecretValue",
                "secretsmanager:DescribeSecret",
              ],
              "Effect": "Allow",
              "Resource": {
                "Fn::ImportValue": "NewRelicLicenseKeySecret-NewRelic-LicenseKeySecretARN",
              },
            },
            {
              "Action": [
                "secretsmanager:GetSecretValue",
                "secretsmanager:DescribeSecret",
              ],
              "Effect": "Allow",
              "Resource": {
                "Fn::Join": [
                  "",
                  [
                    "arn:",
                    {
                      "Ref": "AWS::Partition",
                    },
                    ":secretsmanager:",
                    {
                      "Ref": "AWS::Region",
                    },
                    ":",
                    {
                      "Ref": "AWS::AccountId",
                    },
                    ":secret:/shared/statsig-??????",
                  ],
                ],
              },
            },
          ],
          "Version": "2012-10-17",
        },
        "PolicyName": "LugusSmokeServiceRoleDefaultPolicyA4DE00C1",
        "Roles": [
          {
            "Ref": "LugusSmokeServiceRole81BD16B1",
          },
        ],
      },
      "Type": "AWS::IAM::Policy",
    },
    "LugusSmokelogs6304DE87": {
      "DeletionPolicy": "Retain",
      "Properties": {
        "LogGroupClass": "INFREQUENT_ACCESS",
        "RetentionInDays": 30,
        "Tags": [
          {
            "Key": "SkipNewRelic",
            "Value": "true",
          },
        ],
      },
      "Type": "AWS::Logs::LogGroup",
      "UpdateReplacePolicy": "Retain",
    },
    "TrackerSubscriptionTable408C8229": {
      "DeletionPolicy": "RetainExceptOnCreate",
      "Properties": {
        "AttributeDefinitions": [
          {
            "AttributeName": "trackingNumber",
            "AttributeType": "S",
          },
          {
            "AttributeName": "clientId",
            "AttributeType": "S",
          },
          {
            "AttributeName": "subscribedAt",
            "AttributeType": "S",
          },
        ],
        "BillingMode": "PAY_PER_REQUEST",
        "GlobalSecondaryIndexes": [
          {
            "IndexName": "byClientId",
            "KeySchema": [
              {
                "AttributeName": "clientId",
                "KeyType": "HASH",
              },
              {
                "AttributeName": "subscribedAt",
                "KeyType": "RANGE",
              },
            ],
            "Projection": {
              "ProjectionType": "ALL",
            },
          },
        ],
        "KeySchema": [
          {
            "AttributeName": "trackingNumber",
            "KeyType": "HASH",
          },
        ],
        "Replicas": [
          {
            "ContributorInsightsSpecification": {
              "Enabled": false,
            },
            "DeletionProtectionEnabled": true,
            "GlobalSecondaryIndexes": [
              {
                "ContributorInsightsSpecification": {
                  "Enabled": false,
                },
                "IndexName": "byClientId",
              },
            ],
            "PointInTimeRecoverySpecification": {
              "PointInTimeRecoveryEnabled": true,
            },
            "Region": {
              "Ref": "AWS::Region",
            },
          },
        ],
      },
      "Type": "AWS::DynamoDB::GlobalTable",
      "UpdateReplacePolicy": "Retain",
    },
    "TransformDeliveryAttemptTable4673E1C9": {
      "DeletionPolicy": "RetainExceptOnCreate",
      "Properties": {
        "AttributeDefinitions": [
          {
            "AttributeName": "clientIdTrackingNumber",
            "AttributeType": "S",
          },
          {
            "AttributeName": "id",
            "AttributeType": "S",
          },
        ],
        "BillingMode": "PAY_PER_REQUEST",
        "KeySchema": [
          {
            "AttributeName": "clientIdTrackingNumber",
            "KeyType": "HASH",
          },
          {
            "AttributeName": "id",
            "KeyType": "RANGE",
          },
        ],
        "Replicas": [
          {
            "ContributorInsightsSpecification": {
              "Enabled": false,
            },
            "DeletionProtectionEnabled": true,
            "PointInTimeRecoverySpecification": {
              "PointInTimeRecoveryEnabled": true,
            },
            "Region": {
              "Ref": "AWS::Region",
            },
          },
        ],
        "TimeToLiveSpecification": {
          "AttributeName": "timeToLive",
          "Enabled": true,
        },
      },
      "Type": "AWS::DynamoDB::GlobalTable",
      "UpdateReplacePolicy": "Retain",
    },
  },
  "Rules": {
    "CheckBootstrapVersion": {
      "Assertions": [
        {
          "Assert": {
            "Fn::Not": [
              {
                "Fn::Contains": [
                  [
                    "1",
                    "2",
                    "3",
                    "4",
                    "5",
                  ],
                  {
                    "Ref": "BootstrapVersion",
                  },
                ],
              },
            ],
          },
          "AssertDescription": "CDK bootstrap stack version 6 required. Please run 'cdk bootstrap' with a recent version of the CDK CLI.",
        },
      ],
    },
  },
}
`;
